Archive member included to satisfy reference by file (symbol)

C:/ST/STM32CubeIDE_1.19.0/STM32CubeIDE/plugins/com.st.stm32cube.ide.mcu.externaltools.gnu-tools-for-stm32.13.3.rel1.win32_1.0.0.202411081344/tools/bin/../lib/gcc/arm-none-eabi/13.3.1/../../../../arm-none-eabi/lib/thumb/v7e-m+fp/hard\libc_nano.a(libc_a-exit.o)
                              C:/ST/STM32CubeIDE_1.19.0/STM32CubeIDE/plugins/com.st.stm32cube.ide.mcu.externaltools.gnu-tools-for-stm32.13.3.rel1.win32_1.0.0.202411081344/tools/bin/../lib/gcc/arm-none-eabi/13.3.1/../../../../arm-none-eabi/lib/thumb/v7e-m+fp/hard/crt0.o (exit)
C:/ST/STM32CubeIDE_1.19.0/STM32CubeIDE/plugins/com.st.stm32cube.ide.mcu.externaltools.gnu-tools-for-stm32.13.3.rel1.win32_1.0.0.202411081344/tools/bin/../lib/gcc/arm-none-eabi/13.3.1/../../../../arm-none-eabi/lib/thumb/v7e-m+fp/hard\libc_nano.a(libc_a-findfp.o)
                              C:/ST/STM32CubeIDE_1.19.0/STM32CubeIDE/plugins/com.st.stm32cube.ide.mcu.externaltools.gnu-tools-for-stm32.13.3.rel1.win32_1.0.0.202411081344/tools/bin/../lib/gcc/arm-none-eabi/13.3.1/../../../../arm-none-eabi/lib/thumb/v7e-m+fp/hard\libc_nano.a(libc_a-exit.o) (__stdio_exit_handler)
C:/ST/STM32CubeIDE_1.19.0/STM32CubeIDE/plugins/com.st.stm32cube.ide.mcu.externaltools.gnu-tools-for-stm32.13.3.rel1.win32_1.0.0.202411081344/tools/bin/../lib/gcc/arm-none-eabi/13.3.1/../../../../arm-none-eabi/lib/thumb/v7e-m+fp/hard\libc_nano.a(libc_a-fwalk.o)
                              C:/ST/STM32CubeIDE_1.19.0/STM32CubeIDE/plugins/com.st.stm32cube.ide.mcu.externaltools.gnu-tools-for-stm32.13.3.rel1.win32_1.0.0.202411081344/tools/bin/../lib/gcc/arm-none-eabi/13.3.1/../../../../arm-none-eabi/lib/thumb/v7e-m+fp/hard\libc_nano.a(libc_a-findfp.o) (_fwalk_sglue)
C:/ST/STM32CubeIDE_1.19.0/STM32CubeIDE/plugins/com.st.stm32cube.ide.mcu.externaltools.gnu-tools-for-stm32.13.3.rel1.win32_1.0.0.202411081344/tools/bin/../lib/gcc/arm-none-eabi/13.3.1/../../../../arm-none-eabi/lib/thumb/v7e-m+fp/hard\libc_nano.a(libc_a-stdio.o)
                              C:/ST/STM32CubeIDE_1.19.0/STM32CubeIDE/plugins/com.st.stm32cube.ide.mcu.externaltools.gnu-tools-for-stm32.13.3.rel1.win32_1.0.0.202411081344/tools/bin/../lib/gcc/arm-none-eabi/13.3.1/../../../../arm-none-eabi/lib/thumb/v7e-m+fp/hard\libc_nano.a(libc_a-findfp.o) (__sread)
C:/ST/STM32CubeIDE_1.19.0/STM32CubeIDE/plugins/com.st.stm32cube.ide.mcu.externaltools.gnu-tools-for-stm32.13.3.rel1.win32_1.0.0.202411081344/tools/bin/../lib/gcc/arm-none-eabi/13.3.1/../../../../arm-none-eabi/lib/thumb/v7e-m+fp/hard\libc_nano.a(libc_a-memset.o)
                              C:/ST/STM32CubeIDE_1.19.0/STM32CubeIDE/plugins/com.st.stm32cube.ide.mcu.externaltools.gnu-tools-for-stm32.13.3.rel1.win32_1.0.0.202411081344/tools/bin/../lib/gcc/arm-none-eabi/13.3.1/../../../../arm-none-eabi/lib/thumb/v7e-m+fp/hard/crt0.o (memset)
C:/ST/STM32CubeIDE_1.19.0/STM32CubeIDE/plugins/com.st.stm32cube.ide.mcu.externaltools.gnu-tools-for-stm32.13.3.rel1.win32_1.0.0.202411081344/tools/bin/../lib/gcc/arm-none-eabi/13.3.1/../../../../arm-none-eabi/lib/thumb/v7e-m+fp/hard\libc_nano.a(libc_a-closer.o)
                              C:/ST/STM32CubeIDE_1.19.0/STM32CubeIDE/plugins/com.st.stm32cube.ide.mcu.externaltools.gnu-tools-for-stm32.13.3.rel1.win32_1.0.0.202411081344/tools/bin/../lib/gcc/arm-none-eabi/13.3.1/../../../../arm-none-eabi/lib/thumb/v7e-m+fp/hard\libc_nano.a(libc_a-stdio.o) (_close_r)
C:/ST/STM32CubeIDE_1.19.0/STM32CubeIDE/plugins/com.st.stm32cube.ide.mcu.externaltools.gnu-tools-for-stm32.13.3.rel1.win32_1.0.0.202411081344/tools/bin/../lib/gcc/arm-none-eabi/13.3.1/../../../../arm-none-eabi/lib/thumb/v7e-m+fp/hard\libc_nano.a(libc_a-reent.o)
                              C:/ST/STM32CubeIDE_1.19.0/STM32CubeIDE/plugins/com.st.stm32cube.ide.mcu.externaltools.gnu-tools-for-stm32.13.3.rel1.win32_1.0.0.202411081344/tools/bin/../lib/gcc/arm-none-eabi/13.3.1/../../../../arm-none-eabi/lib/thumb/v7e-m+fp/hard\libc_nano.a(libc_a-closer.o) (errno)
C:/ST/STM32CubeIDE_1.19.0/STM32CubeIDE/plugins/com.st.stm32cube.ide.mcu.externaltools.gnu-tools-for-stm32.13.3.rel1.win32_1.0.0.202411081344/tools/bin/../lib/gcc/arm-none-eabi/13.3.1/../../../../arm-none-eabi/lib/thumb/v7e-m+fp/hard\libc_nano.a(libc_a-impure.o)
                              C:/ST/STM32CubeIDE_1.19.0/STM32CubeIDE/plugins/com.st.stm32cube.ide.mcu.externaltools.gnu-tools-for-stm32.13.3.rel1.win32_1.0.0.202411081344/tools/bin/../lib/gcc/arm-none-eabi/13.3.1/../../../../arm-none-eabi/lib/thumb/v7e-m+fp/hard\libc_nano.a(libc_a-reent.o) (_impure_ptr)
C:/ST/STM32CubeIDE_1.19.0/STM32CubeIDE/plugins/com.st.stm32cube.ide.mcu.externaltools.gnu-tools-for-stm32.13.3.rel1.win32_1.0.0.202411081344/tools/bin/../lib/gcc/arm-none-eabi/13.3.1/../../../../arm-none-eabi/lib/thumb/v7e-m+fp/hard\libc_nano.a(libc_a-lseekr.o)
[...]
Memory Configuration

Name             Origin             Length             Attributes
RAM              0x20000000         0x00018000         xrw
FLASH            0x08000000         0x00080000         xr
*default*        0x00000000         0xffffffff

Linker script and memory map

LOAD C:/ST/STM32CubeIDE_1.19.0/STM32CubeIDE/plugins/com.st.stm32cube.ide.mcu.externaltools.gnu-tools-for-stm32.13.3.rel1.win32_1.0.0.202411081344/tools/bin/../lib/gcc/arm-none-eabi/13.3.1/thumb/v7e-m+fp/hard/crti.o
LOAD C:/ST/STM32CubeIDE_1.19.0/STM32CubeIDE/plugins/com.st.stm32cube.ide.mcu.externaltools.gnu-tools-for-stm32.13.3.rel1.win32_1.0.0.202411081344/tools/bin/../lib/gcc/arm-none-eabi/13.3.1/thumb/v7e-m+fp/hard/crtbegin.o
LOAD C:/ST/STM32CubeIDE_1.19.0/STM32CubeIDE/plugins/com.st.stm32cube.ide.mcu.externaltools.gnu-tools-for-stm32.13.3.rel1.win32_1.0.0.202411081344/tools/bin/../lib/gcc/arm-none-eabi/13.3.1/../../../../arm-none-eabi/lib/thumb/v7e-m+fp/hard/crt0.o
LOAD ./Src/OSKernal.o
LOAD ./Src/led.o
LOAD ./Src/main.o
LOAD ./Src/syscalls.o
LOAD ./Src/sysmem.o
LOAD ./Src/timer.o
LOAD ./Src/uart.o
LOAD ./Startup/startup_stm32f401retx.o
START GROUP
LOAD C:/ST/STM32CubeIDE_1.19.0/STM32CubeIDE/plugins/com.st.stm32cube.ide.mcu.externaltools.gnu-tools-for-stm32.13.3.rel1.win32_1.0.0.202411081344/tools/bin/../lib/gcc/arm-none-eabi/13.3.1/../../../../arm-none-eabi/lib/thumb/v7e-m+fp/hard\libc_nano.a
LOAD C:/ST/STM32CubeIDE_1.19.0/STM32CubeIDE/plugins/com.st.stm32cube.ide.mcu.externaltools.gnu-tools-for-stm32.13.3.rel1.win32_1.0.0.202411081344/tools/bin/../lib/gcc/arm-none-eabi/13.3.1/../../../../arm-none-eabi/lib/thumb/v7e-m+fp/hard\libm.a
END GROUP
START GROUP
LOAD C:/ST/STM32CubeIDE_1.19.0/STM32CubeIDE/plugins/com.st.stm32cube.ide.mcu.externaltools.gnu-tools-for-stm32.13.3.rel1.win32_1.0.0.202411081344/tools/bin/../lib/gcc/arm-none-eabi/13.3.1/thumb/v7e-m+fp/hard\libgcc.a
LOAD C:/ST/STM32CubeIDE_1.19.0/STM32CubeIDE/plugins/com.st.stm32cube.ide.mcu.externaltools.gnu-tools-for-stm32.13.3.rel1.win32_1.0.0.202411081344/tools/bin/../lib/gcc/arm-none-eabi/13.3.1/../../../../arm-none-eabi/lib/thumb/v7e-m+fp/hard\libc_nano.a
END GROUP
START GROUP
LOAD C:/ST/STM32CubeIDE_1.19.0/STM32CubeIDE/plugins/com.st.stm32cube.ide.mcu.externaltools.gnu-tools-for-stm32.13.3.rel1.win32_1.0.0.202411081344/tools/bin/../lib/gcc/arm-none-eabi/13.3.1/thumb/v7e-m+fp/hard\libgcc.a
LOAD C:/ST/STM32CubeIDE_1.19.0/STM32CubeIDE/plugins/com.st.stm32cube.ide.mcu.externaltools.gnu-tools-for-stm32.13.3.rel1.win32_1.0.0.202411081344/tools/bin/../lib/gcc/arm-none-eabi/13.3.1/../../../../arm-none-eabi/lib/thumb/v7e-m+fp/hard\libc_nano.a
LOAD C:/ST/STM32CubeIDE_1.19.0/STM32CubeIDE/plugins/com.st.stm32cube.ide.mcu.externaltools.gnu-tools-for-stm32.13.3.rel1.win32_1.0.0.202411081344/tools/bin/../lib/gcc/arm-none-eabi/13.3.1/../../../../arm-none-eabi/lib/thumb/v7e-m+fp/hard\libnosys.a
END GROUP
START GROUP
LOAD C:/ST/STM32CubeIDE_1.19.0/STM32CubeIDE/plugins/com.st.stm32cube.ide.mcu.externaltools.gnu-tools-for-stm32.13.3.rel1.win32_1.0.0.202411081344/tools/bin/../lib/gcc/arm-none-eabi/13.3.1/thumb/v7e-m+fp/hard\libgcc.a
LOAD C:/ST/STM32CubeIDE_1.19.0/STM32CubeIDE/plugins/com.st.stm32cube.ide.mcu.externaltools.gnu-tools-for-stm32.13.3.rel1.win32_1.0.0.202411081344/tools/bin/../lib/gcc/arm-none-eabi/13.3.1/../../../../arm-none-eabi/lib/thumb/v7e-m+fp/hard\libc_nano.a
LOAD C:/ST/STM32CubeIDE_1.19.0/STM32CubeIDE/plugins/com.st.stm32cube.ide.mcu.externaltools.gnu-tools-for-stm32.13.3.rel1.win32_1.0.0.202411081344/tools/bin/../lib/gcc/arm-none-eabi/13.3.1/../../../../arm-none-eabi/lib/thumb/v7e-m+fp/hard\libnosys.a
END GROUP
LOAD C:/ST/STM32CubeIDE_1.19.0/STM32CubeIDE/plugins/com.st.stm32cube.ide.mcu.externaltools.gnu-tools-for-stm32.13.3.rel1.win32_1.0.0.202411081344/tools/bin/../lib/gcc/arm-none-eabi/13.3.1/thumb/v7e-m+fp/hard/crtend.o
LOAD C:/ST/STM32CubeIDE_1.19.0/STM32CubeIDE/plugins/com.st.stm32cube.ide.mcu.externaltools.gnu-tools-for-stm32.13.3.rel1.win32_1.0.0.202411081344/tools/bin/../lib/gcc/arm-none-eabi/13.3.1/thumb/v7e-m+fp/hard/crtn.o
                0x20018000                        _estack = (ORIGIN (RAM) + LENGTH (RAM))
                0x00000200                        _Min_Heap_Size = 0x200
                0x00000400                        _Min_Stack_Size = 0x400

.isr_vector     0x08000000      0x194
                0x08000000                        . = ALIGN (0x4)
 *(.isr_vector)
 .isr_vector    0x08000000      0x194 ./Startup/startup_stm32f401retx.o
                0x08000000                g_pfnVectors
                0x08000194                        . = ALIGN (0x4)

.text           0x08000194      0x634
                0x08000194                        . = ALIGN (0x4)
 *(.text)
 .text          0x08000194       0x40 C:/ST/STM32CubeIDE_1.19.0/STM32CubeIDE/plugins/com.st.stm32cube.ide.mcu.externaltools.gnu-tools-for-stm32.13.3.rel1.win32_1.0.0.202411081344/tools/bin/../lib/gcc/arm-none-eabi/13.3.1/thumb/v7e-m+fp/hard/crtbegin.o
 *(.text*)
 .text.__NVIC_SetPriority
                0x080001d4       0x54 ./Src/OSKernal.o
 .text.osKernelAddThreads
                0x08000228      0x248 ./Src/OSKernal.o
                0x08000228                osKernelAddThreads
 .text.OsKernal_init
                0x08000470       0x1c ./Src/OSKernal.o
                0x08000470                OsKernal_init
 .text.OsKernalLaunch
                0x0800048c       0x58 ./Src/OSKernal.o
                0x0800048c                OsKernalLaunch
 .text.SysTick_Handler
                0x080004e4       0x24 ./Src/OSKernal.o
                0x080004e4                SysTick_Handler
 .text.osScheduleLaunch
                0x08000508       0x24 ./Src/OSKernal.o
                0x08000508                osScheduleLaunch
 .text.led_init
                0x0800052c       0x3c ./Src/led.o
                0x0800052c                led_init
 .text.task0    0x08000568       0x3c ./Src/main.o
                0x08000568                task0
 .text.task1    0x080005a4       0x28 ./Src/main.o
                0x080005a4                task1
 .text.task2    0x080005cc        0x8 ./Src/main.o
                0x080005cc                task2
 .text.main     0x080005d4       0x34 ./Src/main.o
                0x080005d4                main
 .text.uart_write
                0x08000608       0x30 ./Src/uart.o
                0x08000608                uart_write
 .text.setbaudrate
                0x08000638       0x22 ./Src/uart.o
                0x08000638                setbaudrate
 .text.calulationOfBaudrate
                0x0800065a       0x24 ./Src/uart.o
                0x0800065a                calulationOfBaudrate
 *fill*         0x0800067e        0x2 
 .text.uart_init
                0x08000680       0x94 ./Src/uart.o
                0x08000680                uart_init
 .text.Reset_Handler
                0x08000714       0x50 ./Startup/startup_stm32f401retx.o
                0x08000714                Reset_Handler
 .text.Default_Handler
                0x08000764        0x2 ./Startup/startup_stm32f401retx.o
                0x08000764                EXTI2_IRQHandler
                0x08000764                DebugMon_Handler
                0x08000764                SPI4_IRQHandler
                0x08000764                TIM1_CC_IRQHandler
                0x08000764                DMA2_Stream5_IRQHandler
                0x08000764                HardFault_Handler
                0x08000764                DMA1_Stream5_IRQHandler
                0x08000764                SDIO_IRQHandler
                0x08000764                TAMP_STAMP_IRQHandler
                0x08000764                PendSV_Handler
                0x08000764                NMI_Handler
                0x08000764                EXTI3_IRQHandler
                0x08000764                TIM1_UP_TIM10_IRQHandler
                0x08000764                I2C3_ER_IRQHandler
                0x08000764                EXTI18_OTG_FS_WKUP_IRQHandler
                0x08000764                EXTI0_IRQHandler
                0x08000764                I2C2_EV_IRQHandler
                0x08000764                DMA1_Stream2_IRQHandler
                0x08000764                UsageFault_Handler
                0x08000764                DMA2_Stream2_IRQHandler
                0x08000764                SPI1_IRQHandler
                0x08000764                TIM1_BRK_TIM9_IRQHandler
                0x08000764                DMA2_Stream3_IRQHandler
                0x08000764                USART6_IRQHandler
                0x08000764                DMA2_Stream0_IRQHandler
                0x08000764                TIM4_IRQHandler
                0x08000764                I2C1_EV_IRQHandler
                0x08000764                DMA1_Stream6_IRQHandler
                0x08000764                DMA1_Stream1_IRQHandler
                0x08000764                TIM3_IRQHandler
                0x08000764                RCC_IRQHandler
                0x08000764                Default_Handler
                0x08000764                EXTI15_10_IRQHandler
                0x08000764                ADC_IRQHandler
                0x08000764                DMA1_Stream7_IRQHandler
                0x08000764                TIM5_IRQHandler
                0x08000764                DMA2_Stream7_IRQHandler
                0x08000764                I2C3_EV_IRQHandler
                0x08000764                EXTI9_5_IRQHandler
                0x08000764                SPI2_IRQHandler
                0x08000764                MemManage_Handler
                0x08000764                DMA1_Stream0_IRQHandler
                0x08000764                SVC_Handler
                0x08000764                EXTI4_IRQHandler
                0x08000764                EXTI22_RTC_WKUP_IRQHandler
                0x08000764                TIM2_IRQHandler
                0x08000764                EXTI16_PVD_IRQHandler
                0x08000764                TIM1_TRG_COM_TIM11_IRQHandler
                0x08000764                EXTI1_IRQHandler
                0x08000764                EXTI17_RTC_Alarm_IRQHandler
                0x08000764                USART2_IRQHandler
                0x08000764                I2C2_ER_IRQHandler
                0x08000764                DMA2_Stream1_IRQHandler
                0x08000764                FLASH_IRQHandler
                0x08000764                DMA2_Stream4_IRQHandler
                0x08000764                BusFault_Handler
                0x08000764                USART1_IRQHandler
                0x08000764                OTG_FS_IRQHandler
                0x08000764                SPI3_IRQHandler
                0x08000764                DMA1_Stream4_IRQHandler
                0x08000764                I2C1_ER_IRQHandler
                0x08000764                DMA2_Stream6_IRQHandler
                0x08000764                DMA1_Stream3_IRQHandler
 *fill*         0x08000766        0x2 
 .text.__libc_init_array
                0x08000768       0x48 C:/ST/STM32CubeIDE_1.19.0/STM32CubeIDE/plugins/com.st.stm32cube.ide.mcu.externaltools.gnu-tools-for-stm32.13.3.rel1.win32_1.0.0.202411081344/tools/bin/../lib/gcc/arm-none-eabi/13.3.1/../../../../arm-none-eabi/lib/thumb/v7e-m+fp/hard\libc_nano.a(libc_a-init.o)
                0x08000768                __libc_init_array
 *(.glue_7)
 .glue_7        0x080007b0        0x0 linker stubs
 *(.glue_7t)
 .glue_7t       0x080007b0        0x0 linker stubs
 *(.eh_frame)
 .eh_frame      0x080007b0        0x0 C:/ST/STM32CubeIDE_1.19.0/STM32CubeIDE/plugins/com.st.stm32cube.ide.mcu.externaltools.gnu-tools-for-stm32.13.3.rel1.win32_1.0.0.202411081344/tools/bin/../lib/gcc/arm-none-eabi/13.3.1/thumb/v7e-m+fp/hard/crtbegin.o
 *(.init)
 .init          0x080007b0        0x4 C:/ST/STM32CubeIDE_1.19.0/STM32CubeIDE/plugins/com.st.stm32cube.ide.mcu.externaltools.gnu-tools-for-stm32.13.3.rel1.win32_1.0.0.202411081344/tools/bin/../lib/gcc/arm-none-eabi/13.3.1/thumb/v7e-m+fp/hard/crti.o
                0x080007b0                _init
 .init          0x080007b4        0x8 C:/ST/STM32CubeIDE_1.19.0/STM32CubeIDE/plugins/com.st.stm32cube.ide.mcu.externaltools.gnu-tools-for-stm32.13.3.rel1.win32_1.0.0.202411081344/tools/bin/../lib/gcc/arm-none-eabi/13.3.1/thumb/v7e-m+fp/hard/crtn.o
 *(.fini)
 .fini          0x080007bc        0x4 C:/ST/STM32CubeIDE_1.19.0/STM32CubeIDE/plugins/com.st.stm32cube.ide.mcu.externaltools.gnu-tools-for-stm32.13.3.rel1.win32_1.0.0.202411081344/tools/bin/../lib/gcc/arm-none-eabi/13.3.1/thumb/v7e-m+fp/hard/crti.o
                0x080007bc                _fini
 .fini          0x080007c0        0x8 C:/ST/STM32CubeIDE_1.19.0/STM32CubeIDE/plugins/com.st.stm32cube.ide.mcu.externaltools.gnu-tools-for-stm32.13.3.rel1.win32_1.0.0.202411081344/tools/bin/../lib/gcc/arm-none-eabi/13.3.1/thumb/v7e-m+fp/hard/crtn.o
                0x080007c8                        . = ALIGN (0x4)
                0x080007c8                        _etext = .

.vfp11_veneer   0x080007c8        0x0
 .vfp11_veneer  0x080007c8        0x0 linker stubs

.v4_bx          0x080007c8        0x0
 .v4_bx         0x080007c8        0x0 linker stubs

.iplt           0x080007c8        0x0
 .iplt          0x080007c8        0x0 C:/ST/STM32CubeIDE_1.19.0/STM32CubeIDE/plugins/com.st.stm32cube.ide.mcu.externaltools.gnu-tools-for-stm32.13.3.rel1.win32_1.0.0.202411081344/tools/bin/../lib/gcc/arm-none-eabi/13.3.1/thumb/v7e-m+fp/hard/crtbegin.o

.rodata         0x080007c8        0x0
                0x080007c8                        . = ALIGN (0x4)
 *(.rodata)
 *(.rodata*)
                0x080007c8                        . = ALIGN (0x4)

.ARM.extab      0x080007c8        0x0
                0x080007c8                        . = ALIGN (0x4)
 *(.ARM.extab* .gnu.linkonce.armextab.*)
                0x080007c8                        . = ALIGN (0x4)

.ARM            0x080007c8        0x0
                0x080007c8                        . = ALIGN (0x4)
                0x080007c8                        __exidx_start = .
 *(.ARM.exidx*)
                0x080007c8                        __exidx_end = .
                0x080007c8                        . = ALIGN (0x4)

.preinit_array  0x080007c8        0x0
                0x080007c8                        . = ALIGN (0x4)
                0x080007c8                        PROVIDE (__preinit_array_start = .)
 *(.preinit_array*)
                0x080007c8                        PROVIDE (__preinit_array_end = .)
                0x080007c8                        . = ALIGN (0x4)

.init_array     0x080007c8        0x4
                0x080007c8                        . = ALIGN (0x4)
                0x080007c8                        PROVIDE (__init_array_start = .)
 *(SORT_BY_NAME(.init_array.*))
 *(.init_array*)
 .init_array    0x080007c8        0x4 C:/ST/STM32CubeIDE_1.19.0/STM32CubeIDE/plugins/com.st.stm32cube.ide.mcu.externaltools.gnu-tools-for-stm32.13.3.rel1.win32_1.0.0.202411081344/tools/bin/../lib/gcc/arm-none-eabi/13.3.1/thumb/v7e-m+fp/hard/crtbegin.o
                0x080007cc                        PROVIDE (__init_array_end = .)
                0x080007cc                        . = ALIGN (0x4)

.fini_array     0x080007cc        0x4
                0x080007cc                        . = ALIGN (0x4)
                [!provide]                        PROVIDE (__fini_array_start = .)
 *(SORT_BY_NAME(.fini_array.*))
 *(.fini_array*)
 .fini_array    0x080007cc        0x4 C:/ST/STM32CubeIDE_1.19.0/STM32CubeIDE/plugins/com.st.stm32cube.ide.mcu.externaltools.gnu-tools-for-stm32.13.3.rel1.win32_1.0.0.202411081344/tools/bin/../lib/gcc/arm-none-eabi/13.3.1/thumb/v7e-m+fp/hard/crtbegin.o
                [!provide]                        PROVIDE (__fini_array_end = .)
                0x080007d0                        . = ALIGN (0x4)
                0x080007d0                        _sidata = LOADADDR (.data)

.rel.dyn        0x080007d0        0x0
 .rel.iplt      0x080007d0        0x0 C:/ST/STM32CubeIDE_1.19.0/STM32CubeIDE/plugins/com.st.stm32cube.ide.mcu.externaltools.gnu-tools-for-stm32.13.3.rel1.win32_1.0.0.202411081344/tools/bin/../lib/gcc/arm-none-eabi/13.3.1/thumb/v7e-m+fp/hard/crtbegin.o

.data           0x20000000        0x0 load address 0x080007d0
                0x20000000                        . = ALIGN (0x4)
                0x20000000                        _sdata = .
 *(.data)
 *(.data*)
 *(.RamFunc)
 *(.RamFunc*)
                0x20000000                        . = ALIGN (0x4)
                0x20000000                        _edata = .

.igot.plt       0x20000000        0x0 load address 0x080007d0
 .igot.plt      0x20000000        0x0 C:/ST/STM32CubeIDE_1.19.0/STM32CubeIDE/plugins/com.st.stm32cube.ide.mcu.externaltools.gnu-tools-for-stm32.13.3.rel1.win32_1.0.0.202411081344/tools/bin/../lib/gcc/arm-none-eabi/13.3.1/thumb/v7e-m+fp/hard/crtbegin.o
                0x20000000                        . = ALIGN (0x4)

.bss            0x20000000     0x1300 load address 0x080007d0
                0x20000000                        _sbss = .
                0x20000000                        __bss_start__ = _sbss
 *(.bss)
 .bss           0x20000000       0x1c C:/ST/STM32CubeIDE_1.19.0/STM32CubeIDE/plugins/com.st.stm32cube.ide.mcu.externaltools.gnu-tools-for-stm32.13.3.rel1.win32_1.0.0.202411081344/tools/bin/../lib/gcc/arm-none-eabi/13.3.1/thumb/v7e-m+fp/hard/crtbegin.o
 *(.bss*)
 .bss.task_control_block
                0x2000001c       0x18 ./Src/OSKernal.o
                0x2000001c                task_control_block
 .bss.currentptr
                0x20000034        0x4 ./Src/OSKernal.o
                0x20000034                currentptr
 .bss.MILLI_PRESCALAR
                0x20000038        0x4 ./Src/OSKernal.o
                0x20000038                MILLI_PRESCALAR
 .bss.TcbStack  0x2000003c     0x12c0 ./Src/OSKernal.o
                0x2000003c                TcbStack
 .bss.tick_time
                0x200012fc        0x4 ./Src/main.o
                0x200012fc                tick_time
 *(COMMON)
                0x20001300                        . = ALIGN (0x4)
                0x20001300                        _ebss = .
                0x20001300                        __bss_end__ = _ebss

._user_heap_stack
                0x20001300      0x600 load address 0x080007d0
                0x20001300                        . = ALIGN (0x8)
                [!provide]                        PROVIDE (end = .)
                0x20001300                        PROVIDE (_end = .)
                0x20001500                        . = (. + _Min_Heap_Size)
 *fill*         0x20001300      0x200 
                0x20001900                        . = (. + _Min_Stack_Size)
 *fill*         0x20001500      0x400 
                0x20001900                        . = ALIGN (0x8)

/DISCARD/
 libc.a(*)
 libm.a(*)
 libgcc.a(*)

.ARM.attributes
                0x00000000       0x30
 *(.ARM.attributes)
 .ARM.attributes
                0x00000000       0x22 C:/ST/STM32CubeIDE_1.19.0/STM32CubeIDE/plugins/com.st.stm32cube.ide.mcu.externaltools.gnu-tools-for-stm32.13.3.rel1.win32_1.0.0.202411081344/tools/bin/../lib/gcc/arm-none-eabi/13.3.1/thumb/v7e-m+fp/hard/crti.o
 .ARM.attributes
                0x00000022       0x34 C:/ST/STM32CubeIDE_1.19.0/STM32CubeIDE/plugins/com.st.stm32cube.ide.mcu.externaltools.gnu-tools-for-stm32.13.3.rel1.win32_1.0.0.202411081344/tools/bin/../lib/gcc/arm-none-eabi/13.3.1/thumb/v7e-m+fp/hard/crtbegin.o
 .ARM.attributes
                0x00000056       0x34 ./Src/OSKernal.o
 .ARM.attributes
                0x0000008a       0x34 ./Src/led.o
 .ARM.attributes
                0x000000be       0x34 ./Src/main.o
 .ARM.attributes
                0x000000f2       0x34 ./Src/uart.o
 .ARM.attributes
                0x00000126       0x21 ./Startup/startup_stm32f401retx.o
 .ARM.attributes
                0x00000147       0x34 C:/ST/STM32CubeIDE_1.19.0/STM32CubeIDE/plugins/com.st.stm32cube.ide.mcu.externaltools.gnu-tools-for-stm32.13.3.rel1.win32_1.0.0.202411081344/tools/bin/../lib/gcc/arm-none-eabi/13.3.1/../../../../arm-none-eabi/lib/thumb/v7e-m+fp/hard\libc_nano.a(libc_a-init.o)
 .ARM.attributes
                0x0000017b       0x22 C:/ST/STM32CubeIDE_1.19.0/STM32CubeIDE/plugins/com.st.stm32cube.ide.mcu.externaltools.gnu-tools-for-stm32.13.3.rel1.win32_1.0.0.202411081344/tools/bin/../lib/gcc/arm-none-eabi/13.3.1/thumb/v7e-m+fp/hard/crtn.o
OUTPUT(projectTinyOs.elf elf32-littlearm)
LOAD linker stubs
LOAD C:/ST/STM32CubeIDE_1.19.0/STM32CubeIDE/plugins/com.st.stm32cube.ide.mcu.externaltools.gnu-tools-for-stm32.13.3.rel1.win32_1.0.0.202411081344/tools/bin/../lib/gcc/arm-none-eabi/13.3.1/../../../../arm-none-eabi/lib/thumb/v7e-m+fp/hard\libc.a
LOAD C:/ST/STM32CubeIDE_1.19.0/STM32CubeIDE/plugins/com.st.stm32cube.ide.mcu.externaltools.gnu-tools-for-stm32.13.3.rel1.win32_1.0.0.202411081344/tools/bin/../lib/gcc/arm-none-eabi/13.3.1/../../../../arm-none-eabi/lib/thumb/v7e-m+fp/hard\libm.a
LOAD C:/ST/STM32CubeIDE_1.19.0/STM32CubeIDE/plugins/com.st.stm32cube.ide.mcu.externaltools.gnu-tools-for-stm32.13.3.rel1.win32_1.0.0.202411081344/tools/bin/../lib/gcc/arm-none-eabi/13.3.1/thumb/v7e-m+fp/hard\libgcc.a

.debug_info     0x00000000     0x1094
 .debug_info    0x00000000      0x765 ./Src/OSKernal.o
 .debug_info    0x00000765      0x2e8 ./Src/led.o
 .debug_info    0x00000a4d      0x21f ./Src/main.o
 .debug_info    0x00000c6c      0x3f8 ./Src/uart.o
 .debug_info    0x00001064       0x30 ./Startup/startup_stm32f401retx.o

.debug_abbrev   0x00000000      0x5da
 .debug_abbrev  0x00000000      0x261 ./Src/OSKernal.o
 .debug_abbrev  0x00000261       0xb5 ./Src/led.o
 .debug_abbrev  0x00000316      0x16c ./Src/main.o
 .debug_abbrev  0x00000482      0x134 ./Src/uart.o
 .debug_abbrev  0x000005b6       0x24 ./Startup/startup_stm32f401retx.o

.debug_aranges  0x00000000      0x100
 .debug_aranges
                0x00000000       0x48 ./Src/OSKernal.o
 .debug_aranges
                0x00000048       0x20 ./Src/led.o
 .debug_aranges
                0x00000068       0x38 ./Src/main.o
 .debug_aranges
                0x000000a0       0x38 ./Src/uart.o
 .debug_aranges
                0x000000d8       0x28 ./Startup/startup_stm32f401retx.o

.debug_rnglists
                0x00000000       0xa9
 .debug_rnglists
                0x00000000       0x32 ./Src/OSKernal.o
 .debug_rnglists
                0x00000032       0x13 ./Src/led.o
 .debug_rnglists
                0x00000045       0x25 ./Src/main.o
 .debug_rnglists
                0x0000006a       0x26 ./Src/uart.o
 .debug_rnglists
                0x00000090       0x19 ./Startup/startup_stm32f401retx.o

.debug_macro    0x00000000     0xddeb
 .debug_macro   0x00000000       0xe9 ./Src/OSKernal.o
 .debug_macro   0x000000e9      0xade ./Src/OSKernal.o
 .debug_macro   0x00000bc7       0x28 ./Src/OSKernal.o
 .debug_macro   0x00000bef       0x22 ./Src/OSKernal.o
 .debug_macro   0x00000c11       0x8e ./Src/OSKernal.o
 .debug_macro   0x00000c9f       0x51 ./Src/OSKernal.o
 .debug_macro   0x00000cf0      0x103 ./Src/OSKernal.o
 .debug_macro   0x00000df3       0x6a ./Src/OSKernal.o
 .debug_macro   0x00000e5d      0x1df ./Src/OSKernal.o
 .debug_macro   0x0000103c       0x1c ./Src/OSKernal.o
 .debug_macro   0x00001058       0x22 ./Src/OSKernal.o
 .debug_macro   0x0000107a       0xfb ./Src/OSKernal.o
 .debug_macro   0x00001175     0x1011 ./Src/OSKernal.o
 .debug_macro   0x00002186      0x11f ./Src/OSKernal.o
 .debug_macro   0x000022a5     0xb86c ./Src/OSKernal.o
 .debug_macro   0x0000db11       0xc8 ./Src/led.o
 .debug_macro   0x0000dbd9       0x1c ./Src/led.o
 .debug_macro   0x0000dbf5       0xea ./Src/main.o
 .debug_macro   0x0000dcdf       0x10 ./Src/main.o
 .debug_macro   0x0000dcef       0x10 ./Src/main.o
 .debug_macro   0x0000dcff       0xec ./Src/uart.o

.debug_line     0x00000000     0x18a3
 .debug_line    0x00000000      0x6e2 ./Src/OSKernal.o
 .debug_line    0x000006e2      0x55e ./Src/led.o
 .debug_line    0x00000c40      0x5db ./Src/main.o
 .debug_line    0x0000121b      0x60d ./Src/uart.o
 .debug_line    0x00001828       0x7b ./Startup/startup_stm32f401retx.o

.debug_str      0x00000000    0x4f7c7
 .debug_str     0x00000000    0x4f7c7 ./Src/OSKernal.o
                              0x4f68f (size before relaxing)
 .debug_str     0x0004f7c7    0x4f1e9 ./Src/led.o
 .debug_str     0x0004f7c7    0x4f19c ./Src/main.o
 .debug_str     0x0004f7c7    0x4f299 ./Src/uart.o
 .debug_str     0x0004f7c7       0x7c ./Startup/startup_stm32f401retx.o

.comment        0x00000000       0x43
 .comment       0x00000000       0x43 ./Src/OSKernal.o
                                 0x44 (size before relaxing)
 .comment       0x00000043       0x44 ./Src/led.o
 .comment       0x00000043       0x44 ./Src/main.o
 .comment       0x00000043       0x44 ./Src/uart.o

.debug_frame    0x00000000      0x240
 .debug_frame   0x00000000       0xc8 ./Src/OSKernal.o
 .debug_frame   0x000000c8       0x30 ./Src/led.o
 .debug_frame   0x000000f8       0x7c ./Src/main.o
 .debug_frame   0x00000174       0xa0 ./Src/uart.o
 .debug_frame   0x00000214       0x2c C:/ST/STM32CubeIDE_1.19.0/STM32CubeIDE/plugins/com.st.stm32cube.ide.mcu.externaltools.gnu-tools-for-stm32.13.3.rel1.win32_1.0.0.202411081344/tools/bin/../lib/gcc/arm-none-eabi/13.3.1/../../../../arm-none-eabi/lib/thumb/v7e-m+fp/hard\libc_nano.a(libc_a-init.o)

.debug_line_str
                0x00000000       0x60
 .debug_line_str
                0x00000000       0x60 ./Startup/startup_stm32f401retx.o
